[    0.000000] Linux version 6.14.3-arch1-1 (linux@archlinux) (gcc (GCC) 14.2.1 20250207, GNU ld (GNU Binutils) 2.44) #1 SMP PREEMPT_DYNAMIC Sun, 20 Apr 2025 12:38:52 +0000
[    0.000000] Command line: initrd=\initramfs-linux.img root=PARTUUID=e7e803d0-ea68-4e01-8eac-6d98a170192a rw rootfstype=xfs nvidia_drm.modeset=1 nvidia_drm.fbdev=1 nvidia.NVreg_PreserveVideoMemoryAllocations=1 quiet loglevel=3 udev.log_level=3 rd.udev.log_level=3 systemd.show_status=auto vt.global_cursor_default=0 intel_iommu=on iommu=pt
[    0.000000] BIOS-provided physical RAM map:
[    0.000000] BIOS-e820: [mem 0x0000000000000000-0x000000000009dfff] usable
[    0.000000] BIOS-e820: [mem 0x000000000009e000-0x000000000009efff] reserved
[    0.000000] BIOS-e820: [mem 0x000000000009f000-0x000000000009ffff] usable
[    0.000000] BIOS-e820: [mem 0x00000000000a0000-0x00000000000fffff] reserved
[    0.000000] BIOS-e820: [mem 0x0000000000100000-0x000000007d263fff] usable
[    0.000000] BIOS-e820: [mem 0x000000007d264000-0x000000007da63fff] reserved
[    0.000000] BIOS-e820: [mem 0x000000007da64000-0x000000007db93fff] ACPI data
[    0.000000] BIOS-e820: [mem 0x000000007db94000-0x000000007dd93fff] ACPI NVS
[    0.000000] BIOS-e820: [mem 0x000000007dd94000-0x000000007ec4dfff] reserved
[    0.000000] BIOS-e820: [mem 0x000000007ec4e000-0x000000007ec4efff] usable
[    0.000000] BIOS-e820: [mem 0x000000007ec4f000-0x000000007fffffff] reserved
[    0.000000] BIOS-e820: [mem 0x00000000e0000000-0x00000000efffffff] reserved
[    0.000000] BIOS-e820: [mem 0x00000000fe000000-0x00000000fe010fff] reserved
[    0.000000] BIOS-e820: [mem 0x00000000fec00000-0x00000000fec00fff] reserved
[    0.000000] BIOS-e820: [mem 0x00000000fed00000-0x00000000fed03fff] reserved
[    0.000000] BIOS-e820: [mem 0x00000000fee00000-0x00000000fee00fff] reserved
[    0.000000] BIOS-e820: [mem 0x00000000ff000000-0x00000000ffffffff] reserved
[    0.000000] BIOS-e820: [mem 0x0000000100000000-0x000000087effffff] usable
[    0.000000] The simpledrm driver will not be probed
[    0.000000] NX (Execute Disable) protection: active
[    0.000000] APIC: Static calls initialized
[    0.000000] e820: update [mem 0x75d71018-0x75d97857] usable ==> usable
[    0.000000] e820: update [mem 0x75d60018-0x75d70457] usable ==> usable
[    0.000000] extended physical RAM map:
[    0.000000] reserve setup_data: [mem 0x0000000000000000-0x000000000009dfff] usable
[    0.000000] reserve setup_data: [mem 0x000000000009e000-0x000000000009efff] reserved
[    0.000000] reserve setup_data: [mem 0x000000000009f000-0x000000000009ffff] usable
[    0.000000] reserve setup_data: [mem 0x00000000000a0000-0x00000000000fffff] reserved
[    0.000000] reserve setup_data: [mem 0x0000000000100000-0x0000000075d60017] usable
[    0.000000] reserve setup_data: [mem 0x0000000075d60018-0x0000000075d70457] usable
[    0.000000] reserve setup_data: [mem 0x0000000075d70458-0x0000000075d71017] usable
[    0.000000] reserve setup_data: [mem 0x0000000075d71018-0x0000000075d97857] usable
[    0.000000] reserve setup_data: [mem 0x0000000075d97858-0x000000007d263fff] usable
[    0.000000] reserve setup_data: [mem 0x000000007d264000-0x000000007da63fff] reserved
[    0.000000] reserve setup_data: [mem 0x000000007da64000-0x000000007db93fff] ACPI data
[    0.000000] reserve setup_data: [mem 0x000000007db94000-0x000000007dd93fff] ACPI NVS
[    0.000000] reserve setup_data: [mem 0x000000007dd94000-0x000000007ec4dfff] reserved
[    0.000000] reserve setup_data: [mem 0x000000007ec4e000-0x000000007ec4efff] usable
[    0.000000] reserve setup_data: [mem 0x000000007ec4f000-0x000000007fffffff] reserved
[    0.000000] reserve setup_data: [mem 0x00000000e0000000-0x00000000efffffff] reserved
[    0.000000] reserve setup_data: [mem 0x00000000fe000000-0x00000000fe010fff] reserved
[    0.000000] reserve setup_data: [mem 0x00000000fec00000-0x00000000fec00fff] reserved
[    0.000000] reserve setup_data: [mem 0x00000000fed00000-0x00000000fed03fff] reserved
[    0.000000] reserve setup_data: [mem 0x00000000fee00000-0x00000000fee00fff] reserved
[    0.000000] reserve setup_data: [mem 0x00000000ff000000-0x00000000ffffffff] reserved
[    0.000000] reserve setup_data: [mem 0x0000000100000000-0x000000087effffff] usable
[    0.000000] efi: EFI v2.7 by American Megatrends
[    0.000000] efi: ACPI=0x7dcfb000 ACPI 2.0=0x7dcfb014 TPMFinalLog=0x7dd02000 SMBIOS=0x7e7b3000 SMBIOS 3.0=0x7e7b2000 MEMATTR=0x77503018 ESRT=0x7a852418 RNG=0x7db37f18 INITRD=0x776a9c18 TPMEventLog=0x7db2e018 
[    0.000000] random: crng init done
[    0.000000] efi: Remove mem47: MMIO range=[0xe0000000-0xefffffff] (256MB) from e820 map
[    0.000000] e820: remove [mem 0xe0000000-0xefffffff] reserved
[    0.000000] efi: Not removing mem48: MMIO range=[0xfe000000-0xfe010fff] (68KB) from e820 map
[    0.000000] efi: Not removing mem49: MMIO range=[0xfec00000-0xfec00fff] (4KB) from e820 map
[    0.000000] efi: Not removing mem50: MMIO range=[0xfed00000-0xfed03fff] (16KB) from e820 map
[    0.000000] efi: Not removing mem51: MMIO range=[0xfee00000-0xfee00fff] (4KB) from e820 map
[    0.000000] efi: Remove mem52: MMIO range=[0xff000000-0xffffffff] (16MB) from e820 map
[    0.000000] e820: remove [mem 0xff000000-0xffffffff] reserved
[    0.000000] SMBIOS 3.2.0 present.
[    0.000000] DMI: Micro-Star International Co., Ltd. MS-7C89/H410M PRO-VH (MS-7C89), BIOS 1.B0 08/29/2023
[    0.000000] DMI: Memory slots populated: 2/4
[    0.000000] tsc: Detected 2900.000 MHz processor
[    0.000000] tsc: Detected 2899.886 MHz TSC
[    0.000372] e820: update [mem 0x00000000-0x00000fff] usable ==> reserved
[    0.000375] e820: remove [mem 0x000a0000-0x000fffff] usable
[    0.000385] last_pfn = 0x87f000 max_arch_pfn = 0x400000000
[    0.000389] MTRR map: 5 entries (3 fixed + 2 variable; max 23), built from 10 variable MTRRs
[    0.000391] x86/PAT: Configuration [0-7]: WB  WC  UC- UC  WB  WP  UC- WT  
[    0.000806] last_pfn = 0x7ec4f max_arch_pfn = 0x400000000
[    0.012859] esrt: Reserving ESRT space from 0x000000007a852418 to 0x000000007a852450.
[    0.012864] e820: update [mem 0x7a852000-0x7a852fff] usable ==> reserved
[    0.012882] Using GB pages for direct mapping
[    0.013229] Secure boot disabled
[    0.013230] RAMDISK: [mem 0x75d98000-0x7689efff]
[    0.013249] ACPI: Early table checksum verification disabled
[    0.013251] ACPI: RSDP 0x000000007DCFB014 000024 (v02 ALASKA)
[    0.013255] ACPI: XSDT 0x000000007DCFA728 0000CC (v01 ALASKA A M I    01072009 AMI  01000013)
[    0.013260] ACPI: FACP 0x000000007DB8D000 000114 (v06 ALASKA A M I    01072009 AMI  00010013)
[    0.013265] ACPI: DSDT 0x000000007DB56000 036E33 (v02 ALASKA A M I    01072009 INTL 20160527)
[    0.013268] ACPI: FACS 0x000000007DD93000 000040
[    0.013270] ACPI: MCFG 0x000000007DB91000 00003C (v01 ALASKA A M I    01072009 MSFT 00000097)
[    0.013273] ACPI: SSDT 0x000000007DB8E000 0020AD (v02 CpuRef CpuSsdt  00003000 INTL 20160527)
[    0.013276] ACPI: FIDT 0x000000007DB55000 00009C (v01 ALASKA A M I    01072009 AMI  00010013)
[    0.013279] ACPI: SSDT 0x000000007DB51000 0031DA (v02 SaSsdt SaSsdt   00003000 INTL 20160527)
[    0.013281] ACPI: SSDT 0x000000007DB4E000 00276E (v02 Intel  PegSsdt  00001000 INTL 20160527)
[    0.013284] ACPI: HPET 0x000000007DB93000 000038 (v01 ALASKA A M I    01072009 AMI  01000013)
[    0.013287] ACPI: SSDT 0x000000007DB4C000 00147B (v02 ALASKA Ther_Rvp 00001000 INTL 20160527)
[    0.013290] ACPI: SSDT 0x000000007DB47000 004201 (v02 INTEL  xh_cmvd4 00000000 INTL 20160527)
[    0.013292] ACPI: NHLT 0x000000007DB92000 00002D (v00 ALASKA A M I    01072009 AMI  01000013)
[    0.013295] ACPI: LPIT 0x000000007DB46000 000094 (v01 ALASKA A M I    01072009 AMI  01000013)
[    0.013298] ACPI: SSDT 0x000000007DB42000 002720 (v02 ALASKA PtidDevc 00001000 INTL 20160527)
[    0.013300] ACPI: SSDT 0x000000007DB3F000 0025B2 (v02 ALASKA TbtTypeC 00000000 INTL 20160527)
[    0.013303] ACPI: DBGP 0x000000007DB3E000 000034 (v01 ALASKA A M I    01072009 AMI  01000013)
[    0.013305] ACPI: DBG2 0x000000007DB3D000 000054 (v00 ALASKA A M I    01072009 AMI  01000013)
[    0.013308] ACPI: FPDT 0x000000007DB3B000 000044 (v01 ALASKA CML      01072009 AMI  01000013)
[    0.013311] ACPI: TPM2 0x000000007DB3A000 00004C (v04 ALASKA A M I    00000001 AMI  00000000)
[    0.013313] ACPI: BGRT 0x000000007DB39000 000038 (v01 ALASKA A M I    01072009 AMI  00010013)
[    0.013316] ACPI: DMAR 0x000000007DB3C000 000070 (v01 INTEL  EDK2     00000002      01000013)
[    0.013319] ACPI: WSMT 0x000000007DB45000 000028 (v01 ALASKA A M I    01072009 AMI  00010013)
[    0.013321] ACPI: APIC 0x000000007DB38000 0000F4 (v04 ALASKA A M I    01072009 AMI  00010013)
[    0.013323] ACPI: Reserving FACP table memory at [mem 0x7db8d000-0x7db8d113]
[    0.013325] ACPI: Reserving DSDT table memory at [mem 0x7db56000-0x7db8ce32]
[    0.013326] ACPI: Reserving FACS table memory at [mem 0x7dd93000-0x7dd9303f]
[    0.013327] ACPI: Reserving MCFG table memory at [mem 0x7db91000-0x7db9103b]
[    0.013328] ACPI: Reserving SSDT table memory at [mem 0x7db8e000-0x7db900ac]
[    0.013328] ACPI: Reserving FIDT table memory at [mem 0x7db55000-0x7db5509b]
[    0.013329] ACPI: Reserving SSDT table memory at [mem 0x7db51000-0x7db541d9]
[    0.013330] ACPI: Reserving SSDT table memory at [mem 0x7db4e000-0x7db5076d]
[    0.013331] ACPI: Reserving HPET table memory at [mem 0x7db93000-0x7db93037]
[    0.013332] ACPI: Reserving SSDT table memory at [mem 0x7db4c000-0x7db4d47a]
[    0.013332] ACPI: Reserving SSDT table memory at [mem 0x7db47000-0x7db4b200]
[    0.013333] ACPI: Reserving NHLT table memory at [mem 0x7db92000-0x7db9202c]
[    0.013334] ACPI: Reserving LPIT table memory at [mem 0x7db46000-0x7db46093]
[    0.013335] ACPI: Reserving SSDT table memory at [mem 0x7db42000-0x7db4471f]
[    0.013336] ACPI: Reserving SSDT table memory at [mem 0x7db3f000-0x7db415b1]
[    0.013336] ACPI: Reserving DBGP table memory at [mem 0x7db3e000-0x7db3e033]
[    0.013337] ACPI: Reserving DBG2 table memory at [mem 0x7db3d000-0x7db3d053]
[    0.013338] ACPI: Reserving FPDT table memory at [mem 0x7db3b000-0x7db3b043]
[    0.013339] ACPI: Reserving TPM2 table memory at [mem 0x7db3a000-0x7db3a04b]
[    0.013340] ACPI: Reserving BGRT table memory at [mem 0x7db39000-0x7db39037]
[    0.013340] ACPI: Reserving DMAR table memory at [mem 0x7db3c000-0x7db3c06f]
[    0.013341] ACPI: Reserving WSMT table memory at [mem 0x7db45000-0x7db45027]
[    0.013342] ACPI: Reserving APIC table memory at [mem 0x7db38000-0x7db380f3]
[    0.013453] No NUMA configuration found
[    0.013454] Faking a node at [mem 0x0000000000000000-0x000000087effffff]
[    0.013464] NODE_DATA(0) allocated [mem 0x87efd52c0-0x87effffff]
[    0.013748] Zone ranges:
[    0.013748]   DMA      [mem 0x0000000000001000-0x0000000000ffffff]
[    0.013751]   DMA32    [mem 0x0000000001000000-0x00000000ffffffff]
[    0.013752]   Normal   [mem 0x0000000100000000-0x000000087effffff]
[    0.013754]   Device   empty
[    0.013754] Movable zone start for each node
[    0.013757] Early memory node ranges
[    0.013757]   node   0: [mem 0x0000000000001000-0x000000000009dfff]
[    0.013759]   node   0: [mem 0x000000000009f000-0x000000000009ffff]
[    0.013759]   node   0: [mem 0x0000000000100000-0x000000007d263fff]
[    0.013761]   node   0: [mem 0x000000007ec4e000-0x000000007ec4efff]
[    0.013762]   node   0: [mem 0x0000000100000000-0x000000087effffff]
[    0.013766] Initmem setup node 0 [mem 0x0000000000001000-0x000000087effffff]
[    0.013771] On node 0, zone DMA: 1 pages in unavailable ranges
[    0.013772] On node 0, zone DMA: 1 pages in unavailable ranges
[    0.013794] On node 0, zone DMA: 96 pages in unavailable ranges
[    0.016410] On node 0, zone DMA32: 6634 pages in unavailable ranges
[    0.055819] On node 0, zone Normal: 5041 pages in unavailable ranges
[    0.055868] On node 0, zone Normal: 4096 pages in unavailable ranges
[    0.056018] ACPI: PM-Timer IO Port: 0x1808
[    0.056026] ACPI: LAPIC_NMI (acpi_id[0x01] high edge lint[0x1])
[    0.056027] ACPI: LAPIC_NMI (acpi_id[0x02] high edge lint[0x1])
[    0.056028] ACPI: LAPIC_NMI (acpi_id[0x03] high edge lint[0x1])
[    0.056029] ACPI: LAPIC_NMI (acpi_id[0x04] high edge lint[0x1])
[    0.056030] ACPI: LAPIC_NMI (acpi_id[0x05] high edge lint[0x1])
[    0.056030] ACPI: LAPIC_NMI (acpi_id[0x06] high edge lint[0x1])
[    0.056031] ACPI: LAPIC_NMI (acpi_id[0x07] high edge lint[0x1])
[    0.056032] ACPI: LAPIC_NMI (acpi_id[0x08] high edge lint[0x1])
[    0.056032] ACPI: LAPIC_NMI (acpi_id[0x09] high edge lint[0x1])
[    0.056033] ACPI: LAPIC_NMI (acpi_id[0x0a] high edge lint[0x1])
[    0.056034] ACPI: LAPIC_NMI (acpi_id[0x0b] high edge lint[0x1])
[    0.056035] ACPI: LAPIC_NMI (acpi_id[0x0c] high edge lint[0x1])
[    0.056060] IOAPIC[0]: apic_id 2, version 32, address 0xfec00000, GSI 0-119
[    0.056063] ACPI: INT_SRC_OVR (bus 0 bus_irq 0 global_irq 2 dfl dfl)
[    0.056065] ACPI: INT_SRC_OVR (bus 0 bus_irq 9 global_irq 9 high level)
[    0.056069] ACPI: Using ACPI (MADT) for SMP configuration information
[    0.056070] ACPI: HPET id: 0x8086a201 base: 0xfed00000
[    0.056076] e820: update [mem 0x77469000-0x774c5fff] usable ==> reserved
[    0.056091] TSC deadline timer available
[    0.056096] CPU topo: Max. logical packages:   1
[    0.056096] CPU topo: Max. logical dies:       1
[    0.056097] CPU topo: Max. dies per package:   1
[    0.056102] CPU topo: Max. threads per core:   2
[    0.056102] CPU topo: Num. cores per package:     6
[    0.056103] CPU topo: Num. threads per package:  12
[    0.056104] CPU topo: Allowing 12 present CPUs plus 0 hotplug CPUs
[    0.056120] PM: hibernation: Registered nosave memory: [mem 0x00000000-0x00000fff]
[    0.056122] PM: hibernation: Registered nosave memory: [mem 0x0009e000-0x0009efff]
[    0.056123] PM: hibernation: Registered nosave memory: [mem 0x000a0000-0x000fffff]
[    0.056125] PM: hibernation: Registered nosave memory: [mem 0x77469000-0x774c5fff]
[    0.056127] PM: hibernation: Registered nosave memory: [mem 0x7a852000-0x7a852fff]
[    0.056128] PM: hibernation: Registered nosave memory: [mem 0x7d264000-0x7ec4dfff]
[    0.056130] PM: hibernation: Registered nosave memory: [mem 0x7ec4f000-0xffffffff]
[    0.056132] [mem 0x80000000-0xfdffffff] available for PCI devices
[    0.056133] Booting paravirtualized kernel on bare hardware
[    0.056135] clocksource: refined-jiffies: mask: 0xffffffff max_cycles: 0xffffffff, max_idle_ns: 1910969940391419 ns
[    0.063328] setup_percpu: NR_CPUS:8192 nr_cpumask_bits:12 nr_cpu_ids:12 nr_node_ids:1
[    0.063969] percpu: Embedded 67 pages/cpu s237568 r8192 d28672 u524288
[    0.063976] pcpu-alloc: s237568 r8192 d28672 u524288 alloc=1*2097152
[    0.063978] pcpu-alloc: [0] 00 01 02 03 [0] 04 05 06 07 
[    0.063983] pcpu-alloc: [0] 08 09 10 11 
[    0.064002] Kernel command line: initrd=\initramfs-linux.img root=PARTUUID=e7e803d0-ea68-4e01-8eac-6d98a170192a rw rootfstype=xfs nvidia_drm.modeset=1 nvidia_drm.fbdev=1 nvidia.NVreg_PreserveVideoMemoryAllocations=1 quiet loglevel=3 udev.log_level=3 rd.udev.log_level=3 systemd.show_status=auto vt.global_cursor_default=0 intel_iommu=on iommu=pt
[    0.064194] DMAR: IOMMU enabled
[    0.064227] printk: log buffer data + meta data: 131072 + 458752 = 589824 bytes
[    0.066628] Dentry cache hash table entries: 4194304 (order: 13, 33554432 bytes, linear)
[    0.067842] Inode-cache hash table entries: 2097152 (order: 12, 16777216 bytes, linear)
[    0.067987] Fallback order for Node 0: 0 
[    0.067990] Built 1 zonelists, mobility grouping on.  Total pages: 8372739
[    0.067991] Policy zone: Normal
[    0.068176] mem auto-init: stack:all(zero), heap alloc:on, heap free:off
[    0.068182] software IO TLB: area num 16.
[    0.143049] SLUB: HWalign=64, Order=0-3, MinObjects=0, CPUs=12, Nodes=1
[    0.143094] ftrace: allocating 55513 entries in 217 pages
[    0.166181] ftrace: allocated 217 pages with 5 groups
[    0.166266] Dynamic Preempt: full
[    0.166325] rcu: Preemptible hierarchical RCU implementation.
[    0.166326] rcu: 	RCU restricting CPUs from NR_CPUS=8192 to nr_cpu_ids=12.
[    0.166327] rcu: 	RCU priority boosting: priority 1 delay 500 ms.
[    0.166328] 	Trampoline variant of Tasks RCU enabled.
[    0.166329] 	Rude variant of Tasks RCU enabled.
[    0.166329] 	Tracing variant of Tasks RCU enabled.
[    0.166330] rcu: RCU calculated value of scheduler-enlistment delay is 100 jiffies.
[    0.166330] rcu: Adjusting geometry for rcu_fanout_leaf=16, nr_cpu_ids=12
[    0.166339] RCU Tasks: Setting shift to 4 and lim to 1 rcu_task_cb_adjust=1 rcu_task_cpu_ids=12.
[    0.166342] RCU Tasks Rude: Setting shift to 4 and lim to 1 rcu_task_cb_adjust=1 rcu_task_cpu_ids=12.
[    0.166343] RCU Tasks Trace: Setting shift to 4 and lim to 1 rcu_task_cb_adjust=1 rcu_task_cpu_ids=12.
[    0.172718] NR_IRQS: 524544, nr_irqs: 2152, preallocated irqs: 16
[    0.172942] rcu: srcu_init: Setting srcu_struct sizes based on contention.
[    0.173166] kfence: initialized - using 2097152 bytes for 255 objects at 0x(____ptrval____)-0x(____ptrval____)
[    0.173201] Console: colour dummy device 80x25
[    0.173204] printk: legacy console [tty0] enabled
[    0.173257] ACPI: Core revision 20240827
[    0.173546] clocksource: hpet: mask: 0xffffffff max_cycles: 0xffffffff, max_idle_ns: 79635855245 ns
[    0.173614] APIC: Switch to symmetric I/O mode setup
[    0.173616] DMAR: Host address width 39
[    0.173617] DMAR: DRHD base: 0x000000fed91000 flags: 0x1
[    0.173622] DMAR: dmar0: reg_base_addr fed91000 ver 1:0 cap d2008c40660462 ecap f050da
[    0.173625] DMAR: RMRR base: 0x0000007e541000 end: 0x0000007e78afff
[    0.173627] DMAR-IR: IOAPIC id 2 under DRHD base  0xfed91000 IOMMU 0
[    0.173629] DMAR-IR: HPET id 0 under DRHD base 0xfed91000
[    0.173630] DMAR-IR: Queued invalidation will be enabled to support x2apic and Intr-remapping.
[    0.175028] DMAR-IR: Enabled IRQ remapping in x2apic mode
[    0.175030] x2apic enabled
[    0.175090] APIC: Switched APIC routing to: cluster x2apic
[    0.179032] ..TIMER: vector=0x30 apic1=0 pin1=2 apic2=-1 pin2=-1
[    0.183600] clocksource: tsc-early: mask: 0xffffffffffffffff max_cycles: 0x29ccd767b87, max_idle_ns: 440795223720 ns
[    0.183605] Calibrating delay loop (skipped), value calculated using timer frequency.. 5799.77 BogoMIPS (lpj=2899886)
[    0.183628] x86/cpu: SGX disabled or unsupported by BIOS.
[    0.183633] CPU0: Thermal monitoring enabled (TM1)
[    0.183679] Last level iTLB entries: 4KB 64, 2MB 8, 4MB 8
[    0.183680] Last level dTLB entries: 4KB 64, 2MB 32, 4MB 32, 1GB 4
[    0.183683] process: using mwait in idle threads
[    0.183685] Spectre V1 : Mitigation: usercopy/swapgs barriers and __user pointer sanitization
[    0.183688] Spectre V2 : Spectre BHI mitigation: SW BHB clearing on syscall and VM exit
[    0.183689] Spectre V2 : Mitigation: Enhanced / Automatic IBRS
[    0.183690] Spectre V2 : Spectre v2 / SpectreRSB mitigation: Filling RSB on context switch
[    0.183691] Spectre V2 : Spectre v2 / PBRSB-eIBRS: Retire a single CALL on VMEXIT
[    0.183691] RETBleed: Mitigation: Enhanced IBRS
[    0.183693] Spectre V2 : mitigation: Enabling conditional Indirect Branch Prediction Barrier
[    0.183695] Speculative Store Bypass: Mitigation: Speculative Store Bypass disabled via prctl
[    0.183701] MMIO Stale Data: Mitigation: Clear CPU buffers
[    0.183702] SRBDS: Mitigation: Microcode
[    0.183704] GDS: Mitigation: Microcode
[    0.183709] x86/fpu: Supporting XSAVE feature 0x001: 'x87 floating point registers'
[    0.183710] x86/fpu: Supporting XSAVE feature 0x002: 'SSE registers'
[    0.183711] x86/fpu: Supporting XSAVE feature 0x004: 'AVX registers'
[    0.183712] x86/fpu: Supporting XSAVE feature 0x008: 'MPX bounds registers'
[    0.183713] x86/fpu: Supporting XSAVE feature 0x010: 'MPX CSR'
[    0.183714] x86/fpu: xstate_offset[2]:  576, xstate_sizes[2]:  256
[    0.183716] x86/fpu: xstate_offset[3]:  832, xstate_sizes[3]:   64
[    0.183717] x86/fpu: xstate_offset[4]:  896, xstate_sizes[4]:   64
[    0.183718] x86/fpu: Enabled xstate features 0x1f, context size is 960 bytes, using 'compacted' format.
[    0.211920] Freeing SMP alternatives memory: 48K
[    0.211924] pid_max: default: 32768 minimum: 301
[    0.214642] LSM: initializing lsm=capability,landlock,lockdown,yama,bpf
[    0.214711] landlock: Up and running.
[    0.214713] Yama: becoming mindful.
[    0.214902] LSM support for eBPF active
[    0.214953] Mount-cache hash table entries: 65536 (order: 7, 524288 bytes, linear)
[    0.214984] Mountpoint-cache hash table entries: 65536 (order: 7, 524288 bytes, linear)
[    0.215660] smpboot: CPU0: Intel(R) Core(TM) i5-10400F CPU @ 2.90GHz (family: 0x6, model: 0xa5, stepping: 0x3)
[    0.216762] Performance Events: PEBS fmt3+, Skylake events, 32-deep LBR, full-width counters, Intel PMU driver.
[    0.216782] ... version:                4
[    0.216784] ... bit width:              48
[    0.216785] ... generic registers:      4
[    0.216785] ... value mask:             0000ffffffffffff
[    0.216786] ... max period:             00007fffffffffff
[    0.216787] ... fixed-purpose events:   3
[    0.216788] ... event mask:             000000070000000f
[    0.216894] signal: max sigframe size: 2032
[    0.216906] Estimated ratio of average max frequency by base frequency (times 1024): 1447
[    0.216962] rcu: Hierarchical SRCU implementation.
[    0.216964] rcu: 	Max phase no-delay instances is 400.
[    0.217016] Timer migration: 2 hierarchy levels; 8 children per group; 2 crossnode level
[    0.217637] NMI watchdog: Enabled. Permanently consumes one hw-PMU counter.
[    0.217739] smp: Bringing up secondary CPUs ...
[    0.218650] smpboot: x86: Booting SMP configuration:
[    0.218652] .... node  #0, CPUs:        #1  #2  #3  #4  #5  #6  #7  #8  #9 #10 #11
[    0.223880] MMIO Stale Data CPU bug present and SMT on, data leak possible. See https://www.kernel.org/doc/html/latest/admin-guide/hw-vuln/processor_mmio_stale_data.html for more details.
[    0.224647] smp: Brought up 1 node, 12 CPUs
[    0.224647] smpboot: Total of 12 processors activated (69597.26 BogoMIPS)
[    0.225695] Memory: 32755720K/33490956K available (19197K kernel code, 2903K rwdata, 16272K rodata, 4528K init, 4964K bss, 713476K reserved, 0K cma-reserved)
[    0.226638] devtmpfs: initialized
[    0.226643] x86/mm: Memory block size: 128MB
[    0.228786] ACPI: PM: Registering ACPI NVS region [mem 0x7db94000-0x7dd93fff] (2097152 bytes)
[    0.228786] clocksource: jiffies: mask: 0xffffffff max_cycles: 0xffffffff, max_idle_ns: 1911260446275000 ns
[    0.228786] futex hash table entries: 4096 (order: 6, 262144 bytes, linear)
[    0.228814] pinctrl core: initialized pinctrl subsystem
[    0.229000] PM: RTC time: 08:43:27, date: 2025-04-27
[    0.229652] NET: Registered PF_NETLINK/PF_ROUTE protocol family
[    0.230049] DMA: preallocated 4096 KiB GFP_KERNEL pool for atomic allocations
[    0.230277] DMA: preallocated 4096 KiB GFP_KERNEL|GFP_DMA pool for atomic allocations
[    0.230510] DMA: preallocated 4096 KiB GFP_KERNEL|GFP_DMA32 pool for atomic allocations
[    0.230519] audit: initializing netlink subsys (disabled)
[    0.230535] audit: type=2000 audit(1745743407.053:1): state=initialized audit_enabled=0 res=1
[    0.230662] thermal_sys: Registered thermal governor 'fair_share'
[    0.230664] thermal_sys: Registered thermal governor 'bang_bang'
[    0.230665] thermal_sys: Registered thermal governor 'step_wise'
[    0.230666] thermal_sys: Registered thermal governor 'user_space'
[    0.230667] thermal_sys: Registered thermal governor 'power_allocator'
[    0.230678] cpuidle: using governor ladder
[    0.230682] cpuidle: using governor menu
[    0.230764] ACPI FADT declares the system doesn't support PCIe ASPM, so disable it
[    0.230764] acpiphp: ACPI Hot Plug PCI Controller Driver version: 0.5
[    0.230764] PCI: ECAM [mem 0xe0000000-0xefffffff] (base 0xe0000000) for domain 0000 [bus 00-ff]
[    0.230764] PCI: Using configuration type 1 for base access
[    0.230906] kprobes: kprobe jump-optimization is enabled. All kprobes are optimized if possible.
[    0.235651] HugeTLB: registered 1.00 GiB page size, pre-allocated 0 pages
[    0.235651] HugeTLB: 16380 KiB vmemmap can be freed for a 1.00 GiB page
[    0.235651] HugeTLB: registered 2.00 MiB page size, pre-allocated 0 pages
[    0.235651] HugeTLB: 28 KiB vmemmap can be freed for a 2.00 MiB page
[    0.235712] raid6: skipped pq benchmark and selected avx2x4
[    0.235712] raid6: using avx2x2 recovery algorithm
[    0.235712] ACPI: Added _OSI(Module Device)
[    0.235712] ACPI: Added _OSI(Processor Device)
[    0.235712] ACPI: Added _OSI(3.0 _SCP Extensions)
[    0.235712] ACPI: Added _OSI(Processor Aggregator Device)
[    0.302311] ACPI: 8 ACPI AML tables successfully acquired and loaded
[    0.307075] ACPI: Dynamic OEM Table Load:
[    0.307083] ACPI: SSDT 0xFFFF9280417DA400 000400 (v02 PmRef  Cpu0Cst  00003001 INTL 20160527)
[    0.308299] ACPI: Dynamic OEM Table Load:
[    0.308305] ACPI: SSDT 0xFFFF9280417E9000 0005E4 (v02 PmRef  Cpu0Ist  00003000 INTL 20160527)
[    0.309293] ACPI: Dynamic OEM Table Load:
[    0.309298] ACPI: SSDT 0xFFFF928041801700 0000FC (v02 PmRef  Cpu0Psd  00003000 INTL 20160527)
[    0.310196] ACPI: Dynamic OEM Table Load:
[    0.310201] ACPI: SSDT 0xFFFF928041D97800 00016C (v02 PmRef  Cpu0Hwp  00003000 INTL 20160527)
[    0.311072] ACPI: Dynamic OEM Table Load:
[    0.311078] ACPI: SSDT 0xFFFF9280417E6000 000BEA (v02 PmRef  HwpLvt   00003000 INTL 20160527)
[    0.312163] ACPI: Dynamic OEM Table Load:
[    0.312170] ACPI: SSDT 0xFFFF9280417E8000 000778 (v02 PmRef  ApIst    00003000 INTL 20160527)
[    0.313230] ACPI: Dynamic OEM Table Load:
[    0.313235] ACPI: SSDT 0xFFFF9280417DC400 0003D7 (v02 PmRef  ApHwp    00003000 INTL 20160527)
[    0.314289] ACPI: Dynamic OEM Table Load:
[    0.314295] ACPI: SSDT 0xFFFF9280417E2000 000D22 (v02 PmRef  ApPsd    00003000 INTL 20160527)
[    0.316002] ACPI: Dynamic OEM Table Load:
[    0.316007] ACPI: SSDT 0xFFFF9280417DB000 0003CA (v02 PmRef  ApCst    00003000 INTL 20160527)
[    0.322321] ACPI: Interpreter enabled
[    0.322362] ACPI: PM: (supports S0 S3 S4 S5)
[    0.322364] ACPI: Using IOAPIC for interrupt routing
[    0.323542] PCI: Using host bridge windows from ACPI; if necessary, use "pci=nocrs" and report a bug
[    0.323544] PCI: Ignoring E820 reservations for host bridge windows
[    0.324593] ACPI: Enabled 8 GPEs in block 00 to 7F
[    0.339838] ACPI: \_SB_.PCI0.SAT0.VOL0.V0PR: New power resource
[    0.340048] ACPI: \_SB_.PCI0.SAT0.VOL1.V1PR: New power resource
[    0.340247] ACPI: \_SB_.PCI0.SAT0.VOL2.V2PR: New power resource
[    0.353123] ACPI: \_TZ_.FN00: New power resource
[    0.353195] ACPI: \_TZ_.FN01: New power resource
[    0.353259] ACPI: \_TZ_.FN02: New power resource
[    0.353323] ACPI: \_TZ_.FN03: New power resource
[    0.353386] ACPI: \_TZ_.FN04: New power resource
[    0.353803] ACPI: \PIN_: New power resource
[    0.354200] ACPI: PCI Root Bridge [PCI0] (domain 0000 [bus 00-fe])
[    0.354208] acpi PNP0A08:00: _OSC: OS supports [ExtendedConfig ASPM ClockPM Segments MSI EDR HPX-Type3]
[    0.354320] acpi PNP0A08:00: _OSC: platform does not support [PCIeHotplug SHPCHotplug PME AER]
[    0.354522] acpi PNP0A08:00: _OSC: OS now controls [PCIeCapability LTR DPC]
[    0.354523] acpi PNP0A08:00: FADT indicates ASPM is unsupported, using BIOS configuration
[    0.355433] PCI host bridge to bus 0000:00
[    0.355438] pci_bus 0000:00: root bus resource [io  0x0000-0x0cf7 window]
[    0.355440] pci_bus 0000:00: root bus resource [io  0x0d00-0xffff window]
[    0.355442] pci_bus 0000:00: root bus resource [mem 0x000a0000-0x000bffff window]
[    0.355444] pci_bus 0000:00: root bus resource [mem 0x000e0000-0x000fffff window]
[    0.355445] pci_bus 0000:00: root bus resource [mem 0x80000000-0xdfffffff window]
[    0.355446] pci_bus 0000:00: root bus resource [mem 0xfc800000-0xfdffffff window]
[    0.355448] pci_bus 0000:00: root bus resource [bus 00-fe]
[    0.355529] pci 0000:00:00.0: [8086:9b53] type 00 class 0x060000 conventional PCI endpoint
[    0.355605] pci 0000:00:01.0: [8086:1901] type 01 class 0x060400 PCIe Root Port
[    0.355617] pci 0000:00:01.0: PCI bridge to [bus 01]
[    0.355619] pci 0000:00:01.0:   bridge window [io  0x3000-0x3fff]
[    0.355622] pci 0000:00:01.0:   bridge window [mem 0x90000000-0xa30fffff]
[    0.355653] pci 0000:00:01.0: PME# supported from D0 D3hot D3cold
[    0.356190] pci 0000:00:08.0: [8086:1911] type 00 class 0x088000 conventional PCI endpoint
[    0.356206] pci 0000:00:08.0: BAR 0 [mem 0xa324f000-0xa324ffff 64bit]
[    0.356305] pci 0000:00:14.0: [8086:a3af] type 00 class 0x0c0330 conventional PCI endpoint
[    0.356339] pci 0000:00:14.0: BAR 0 [mem 0xa3230000-0xa323ffff 64bit]
[    0.356373] pci 0000:00:14.0: PME# supported from D3hot D3cold
[    0.357271] pci 0000:00:14.2: [8086:a3b1] type 00 class 0x118000 conventional PCI endpoint
[    0.357303] pci 0000:00:14.2: BAR 0 [mem 0xa324e000-0xa324efff 64bit]
[    0.357398] pci 0000:00:16.0: [8086:a3ba] type 00 class 0x078000 conventional PCI endpoint
[    0.357443] pci 0000:00:16.0: BAR 0 [mem 0xa324d000-0xa324dfff 64bit]
[    0.357488] pci 0000:00:16.0: PME# supported from D3hot
[    0.358072] pci 0000:00:17.0: [8086:a382] type 00 class 0x010601 conventional PCI endpoint
[    0.358102] pci 0000:00:17.0: BAR 0 [mem 0xa3248000-0xa3249fff]
[    0.358104] pci 0000:00:17.0: BAR 1 [mem 0xa324c000-0xa324c0ff]
[    0.358106] pci 0000:00:17.0: BAR 2 [io  0x4050-0x4057]
[    0.358108] pci 0000:00:17.0: BAR 3 [io  0x4040-0x4043]
[    0.358110] pci 0000:00:17.0: BAR 4 [io  0x4020-0x403f]
[    0.358112] pci 0000:00:17.0: BAR 5 [mem 0xa324b000-0xa324b7ff]
[    0.358144] pci 0000:00:17.0: PME# supported from D3hot
[    0.358236] pci 0000:00:1c.0: [8086:a394] type 01 class 0x060400 PCIe Root Port
[    0.358253] pci 0000:00:1c.0: PCI bridge to [bus 02]
[    0.358258] pci 0000:00:1c.0:   bridge window [mem 0xa3100000-0xa31fffff]
[    0.358309] pci 0000:00:1c.0: PME# supported from D0 D3hot D3cold
[    0.358810] pci 0000:00:1f.0: [8086:a3da] type 00 class 0x060100 conventional PCI endpoint
[    0.359171] pci 0000:00:1f.2: [8086:a3a1] type 00 class 0x058000 conventional PCI endpoint
[    0.359207] pci 0000:00:1f.2: BAR 0 [mem 0xa3244000-0xa3247fff]
[    0.359480] pci 0000:00:1f.3: [8086:a3f0] type 00 class 0x040300 conventional PCI endpoint
[    0.359523] pci 0000:00:1f.3: BAR 0 [mem 0xa3240000-0xa3243fff 64bit]
[    0.359530] pci 0000:00:1f.3: BAR 4 [mem 0xa3220000-0xa322ffff 64bit]
[    0.359569] pci 0000:00:1f.3: PME# supported from D3hot D3cold
[    0.360911] pci 0000:00:1f.4: [8086:a3a3] type 00 class 0x0c0500 conventional PCI endpoint
[    0.361041] pci 0000:00:1f.4: BAR 0 [mem 0xa324a000-0xa324a0ff 64bit]
[    0.361052] pci 0000:00:1f.4: BAR 4 [io  0xefa0-0xefbf]
[    0.361356] pci 0000:00:1f.6: [8086:0d55] type 00 class 0x020000 conventional PCI endpoint
[    0.361406] pci 0000:00:1f.6: BAR 0 [mem 0xa3200000-0xa321ffff]
[    0.361463] pci 0000:00:1f.6: PME# supported from D0 D3hot D3cold
[    0.361761] pci 0000:01:00.0: [10de:2504] type 00 class 0x030000 PCIe Legacy Endpoint
[    0.361783] pci 0000:01:00.0: BAR 0 [mem 0xa2000000-0xa2ffffff]
[    0.361786] pci 0000:01:00.0: BAR 1 [mem 0x90000000-0x9fffffff 64bit pref]
[    0.361788] pci 0000:01:00.0: BAR 3 [mem 0xa0000000-0xa1ffffff 64bit pref]
[    0.361790] pci 0000:01:00.0: BAR 5 [io  0x3000-0x307f]
[    0.361792] pci 0000:01:00.0: ROM [mem 0xa3000000-0xa307ffff pref]
[    0.361811] pci 0000:01:00.0: Video device with shadowed ROM at [mem 0x000c0000-0x000dffff]
[    0.361839] pci 0000:01:00.0: PME# supported from D0 D3hot
[    0.361885] pci 0000:01:00.0: 126.016 Gb/s available PCIe bandwidth, limited by 8.0 GT/s PCIe x16 link at 0000:00:01.0 (capable of 252.048 Gb/s with 16.0 GT/s PCIe x16 link)
[    0.361972] pci 0000:01:00.1: [10de:228e] type 00 class 0x040300 PCIe Endpoint
[    0.361993] pci 0000:01:00.1: BAR 0 [mem 0xa3080000-0xa3083fff]
[    0.362080] pci 0000:00:01.0: PCI bridge to [bus 01]
[    0.362160] pci 0000:02:00.0: [144d:a809] type 00 class 0x010802 PCIe Endpoint
[    0.362199] pci 0000:02:00.0: BAR 0 [mem 0xa3100000-0xa3103fff 64bit]
[    0.362427] pci 0000:00:1c.0: PCI bridge to [bus 02]
[    0.365682] ACPI: PCI: Interrupt link LNKA configured for IRQ 0
[    0.365786] ACPI: PCI: Interrupt link LNKB configured for IRQ 1
[    0.365887] ACPI: PCI: Interrupt link LNKC configured for IRQ 0
[    0.365988] ACPI: PCI: Interrupt link LNKD configured for IRQ 0
[    0.366088] ACPI: PCI: Interrupt link LNKE configured for IRQ 0
[    0.366187] ACPI: PCI: Interrupt link LNKF configured for IRQ 0
[    0.366287] ACPI: PCI: Interrupt link LNKG configured for IRQ 0
[    0.366387] ACPI: PCI: Interrupt link LNKH configured for IRQ 0
[    0.370119] iommu: Default domain type: Passthrough (set via kernel command line)
[    0.370119] SCSI subsystem initialized
[    0.370119] libata version 3.00 loaded.
[    0.370119] ACPI: bus type USB registered
[    0.370119] usbcore: registered new interface driver usbfs
[    0.370119] usbcore: registered new interface driver hub
[    0.370119] usbcore: registered new device driver usb
[    0.370119] EDAC MC: Ver: 3.0.0
[    0.370119] efivars: Registered efivars operations
[    0.370693] NetLabel: Initializing
[    0.370695] NetLabel:  domain hash size = 128
[    0.370696] NetLabel:  protocols = UNLABELED CIPSOv4 CALIPSO
[    0.370710] NetLabel:  unlabeled traffic allowed by default
[    0.370713] mctp: management component transport protocol core
[    0.370715] NET: Registered PF_MCTP protocol family
[    0.370724] PCI: Using ACPI for IRQ routing
[    0.398776] PCI: pci_cache_line_size set to 64 bytes
[    0.398818] e820: reserve RAM buffer [mem 0x0009e000-0x0009ffff]
[    0.398820] e820: reserve RAM buffer [mem 0x75d60018-0x77ffffff]
[    0.398822] e820: reserve RAM buffer [mem 0x75d71018-0x77ffffff]
[    0.398823] e820: reserve RAM buffer [mem 0x77469000-0x77ffffff]
[    0.398824] e820: reserve RAM buffer [mem 0x7a852000-0x7bffffff]
[    0.398825] e820: reserve RAM buffer [mem 0x7d264000-0x7fffffff]
[    0.398826] e820: reserve RAM buffer [mem 0x7ec4f000-0x7fffffff]
[    0.398827] e820: reserve RAM buffer [mem 0x87f000000-0x87fffffff]
[    0.398863] pci 0000:01:00.0: vgaarb: setting as boot VGA device
[    0.398863] pci 0000:01:00.0: vgaarb: bridge control possible
[    0.398863] pci 0000:01:00.0: vgaarb: VGA device added: decodes=io+mem,owns=io+mem,locks=none
[    0.398863] vgaarb: loaded
[    0.398863] hpet0: at MMIO 0xfed00000, IRQs 2, 8, 0, 0, 0, 0, 0, 0
[    0.398863] hpet0: 8 comparators, 64-bit 24.000000 MHz counter
[    0.400642] clocksource: Switched to clocksource tsc-early
[    0.401182] VFS: Disk quotas dquot_6.6.0
[    0.401191] VFS: Dquot-cache hash table entries: 512 (order 0, 4096 bytes)
[    0.401243] pnp: PnP ACPI init
[    0.401511] system 00:00: [io  0x0a00-0x0a0f] has been reserved
[    0.401514] system 00:00: [io  0x0a10-0x0a1f] has been reserved
[    0.401515] system 00:00: [io  0x0a20-0x0a2f] has been reserved
[    0.401847] pnp 00:01: [dma 0 disabled]
[    0.402003] system 00:02: [io  0x0680-0x069f] has been reserved
[    0.402006] system 00:02: [io  0x164e-0x164f] has been reserved
[    0.402126] system 00:03: [io  0x1854-0x1857] has been reserved
[    0.402215] system 00:04: [mem 0xfd000000-0xfdabffff] has been reserved
[    0.402217] system 00:04: [mem 0xfdad0000-0xfdadffff] has been reserved
[    0.402219] system 00:04: [mem 0xfdb00000-0xfdffffff] has been reserved
[    0.402221] system 00:04: [mem 0xfe000000-0xfe01ffff] could not be reserved
[    0.402222] system 00:04: [mem 0xfe036000-0xfe03bfff] has been reserved
[    0.402224] system 00:04: [mem 0xfe03d000-0xfe3fffff] has been reserved
[    0.402565] system 00:05: [io  0x2000-0x20fe] has been reserved
[    0.403162] system 00:06: [mem 0xfed10000-0xfed17fff] has been reserved
[    0.403164] system 00:06: [mem 0xfed18000-0xfed18fff] has been reserved
[    0.403166] system 00:06: [mem 0xfed19000-0xfed19fff] has been reserved
[    0.403167] system 00:06: [mem 0xe0000000-0xefffffff] has been reserved
[    0.403169] system 00:06: [mem 0xfed20000-0xfed3ffff] has been reserved
[    0.403170] system 00:06: [mem 0xfed90000-0xfed93fff] could not be reserved
[    0.403172] system 00:06: [mem 0xfed45000-0xfed8ffff] has been reserved
[    0.403173] system 00:06: [mem 0xfee00000-0xfeefffff] could not be reserved
[    0.403551] system 00:07: [mem 0xfe038000-0xfe038fff] has been reserved
[    0.404005] pnp: PnP ACPI: found 8 devices
[    0.409498] clocksource: acpi_pm: mask: 0xffffff max_cycles: 0xffffff, max_idle_ns: 2085701024 ns
[    0.409550] NET: Registered PF_INET protocol family
[    0.409683] IP idents hash table entries: 262144 (order: 9, 2097152 bytes, linear)
[    0.423694] tcp_listen_portaddr_hash hash table entries: 16384 (order: 6, 262144 bytes, linear)
[    0.423728] Table-perturb hash table entries: 65536 (order: 6, 262144 bytes, linear)
[    0.423848] TCP established hash table entries: 262144 (order: 9, 2097152 bytes, linear)
[    0.424172] TCP bind hash table entries: 65536 (order: 9, 2097152 bytes, linear)
[    0.424411] TCP: Hash tables configured (established 262144 bind 65536)
[    0.424499] MPTCP token hash table entries: 32768 (order: 7, 786432 bytes, linear)
[    0.424628] UDP hash table entries: 16384 (order: 8, 1048576 bytes, linear)
[    0.424781] UDP-Lite hash table entries: 16384 (order: 8, 1048576 bytes, linear)
[    0.424913] NET: Registered PF_UNIX/PF_LOCAL protocol family
[    0.424920] NET: Registered PF_XDP protocol family
[    0.424932] pci 0000:00:01.0: PCI bridge to [bus 01]
[    0.424935] pci 0000:00:01.0:   bridge window [io  0x3000-0x3fff]
[    0.424938] pci 0000:00:01.0:   bridge window [mem 0x90000000-0xa30fffff]
[    0.424943] pci 0000:00:1c.0: PCI bridge to [bus 02]
[    0.424946] pci 0000:00:1c.0:   bridge window [mem 0xa3100000-0xa31fffff]
[    0.424952] pci_bus 0000:00: resource 4 [io  0x0000-0x0cf7 window]
[    0.424953] pci_bus 0000:00: resource 5 [io  0x0d00-0xffff window]
[    0.424955] pci_bus 0000:00: resource 6 [mem 0x000a0000-0x000bffff window]
[    0.424956] pci_bus 0000:00: resource 7 [mem 0x000e0000-0x000fffff window]
[    0.424957] pci_bus 0000:00: resource 8 [mem 0x80000000-0xdfffffff window]
[    0.424959] pci_bus 0000:00: resource 9 [mem 0xfc800000-0xfdffffff window]
[    0.424960] pci_bus 0000:01: resource 0 [io  0x3000-0x3fff]
[    0.424961] pci_bus 0000:01: resource 1 [mem 0x90000000-0xa30fffff]
[    0.424963] pci_bus 0000:02: resource 1 [mem 0xa3100000-0xa31fffff]
[    0.425175] pci 0000:01:00.1: extending delay after power-on from D3hot to 20 msec
[    0.425204] pci 0000:01:00.1: D0 power state depends on 0000:01:00.0
[    0.425234] PCI: CLS 64 bytes, default 64
[    0.425276] pci 0000:00:1f.1: [8086:a3a0] type 00 class 0x058000 conventional PCI endpoint
[    0.425411] pci 0000:00:1f.1: BAR 0 [mem 0xfd000000-0xfdffffff 64bit]
[    0.425545] DMAR: No ATSR found
[    0.425546] DMAR: No SATC found
[    0.425547] DMAR: dmar0: Using Queued invalidation
[    0.425587] Trying to unpack rootfs image as initramfs...
[    0.425606] pci 0000:00:00.0: Adding to iommu group 0
[    0.425618] pci 0000:00:01.0: Adding to iommu group 1
[    0.425624] pci 0000:00:08.0: Adding to iommu group 2
[    0.425636] pci 0000:00:14.0: Adding to iommu group 3
[    0.425642] pci 0000:00:14.2: Adding to iommu group 3
[    0.425651] pci 0000:00:16.0: Adding to iommu group 4
[    0.425658] pci 0000:00:17.0: Adding to iommu group 5
[    0.425669] pci 0000:00:1c.0: Adding to iommu group 6
[    0.425688] pci 0000:00:1f.0: Adding to iommu group 7
[    0.425695] pci 0000:00:1f.2: Adding to iommu group 7
[    0.425702] pci 0000:00:1f.3: Adding to iommu group 7
[    0.425709] pci 0000:00:1f.4: Adding to iommu group 7
[    0.425716] pci 0000:00:1f.6: Adding to iommu group 7
[    0.425720] pci 0000:01:00.0: Adding to iommu group 1
[    0.425723] pci 0000:01:00.1: Adding to iommu group 1
[    0.425729] pci 0000:02:00.0: Adding to iommu group 6
[    0.425760] DMAR: Intel(R) Virtualization Technology for Directed I/O
[    0.425761] PCI-DMA: Using software bounce buffering for IO (SWIOTLB)
[    0.425762] software IO TLB: mapped [mem 0x0000000071d60000-0x0000000075d60000] (64MB)
[    0.425861] platform rtc_cmos: registered platform RTC device (no PNP device found)
[    0.447479] Initialise system trusted keyrings
[    0.447488] Key type blacklist registered
[    0.447529] workingset: timestamp_bits=36 max_order=23 bucket_order=0
[    0.447734] fuse: init (API version 7.42)
[    0.447805] integrity: Platform Keyring initialized
[    0.447807] integrity: Machine keyring initialized
[    0.459153] xor: automatically using best checksumming function   avx       
[    0.459155] Key type asymmetric registered
[    0.459156] Asymmetric key parser 'x509' registered
[    0.459173] Block layer SCSI generic (bsg) driver version 0.4 loaded (major 246)
[    0.459209] io scheduler mq-deadline registered
[    0.459210] io scheduler kyber registered
[    0.459219] io scheduler bfq registered
[    0.465598] ledtrig-cpu: registered to indicate activity on CPUs
[    0.466031] shpchp: Standard Hot Plug PCI Controller Driver version: 0.4
[    0.466287] Monitor-Mwait will be used to enter C-1 state
[    0.466296] Monitor-Mwait will be used to enter C-2 state
[    0.466677] input: Sleep Button as /devices/LNXSYSTM:00/LNXSYBUS:00/PNP0C0E:00/input/input0
[    0.466698] ACPI: button: Sleep Button [SLPB]
[    0.466722] input: Power Button as /devices/LNXSYSTM:00/LNXSYBUS:00/PNP0C0C:00/input/input1
[    0.466736] ACPI: button: Power Button [PWRB]
[    0.466758] input: Power Button as /devices/LNXSYSTM:00/LNXPWRBN:00/input/input2
[    0.471563] ACPI: button: Power Button [PWRF]
[    0.473251] Freeing initrd memory: 11292K
[    0.474338] thermal LNXTHERM:00: registered as thermal_zone0
[    0.474341] ACPI: thermal: Thermal Zone [TZ00] (28 C)
[    0.474568] Serial: 8250/16550 driver, 32 ports, IRQ sharing enabled
[    0.474915] 00:01: ttyS0 at I/O 0x3f8 (irq = 4, base_baud = 115200) is a 16550A
[    0.477332] Non-volatile memory driver v1.3
[    0.477334] Linux agpgart interface v0.103
[    0.649247] ACPI: bus type drm_connector registered
[    0.651129] ahci 0000:00:17.0: version 3.0
[    0.661380] ahci 0000:00:17.0: AHCI vers 0001.0301, 32 command slots, 6 Gbps, SATA mode
[    0.661384] ahci 0000:00:17.0: 4/4 ports implemented (port mask 0xf)
[    0.661386] ahci 0000:00:17.0: flags: 64bit ncq sntf led clo only pio slum part ems deso sadm sds apst 
[    0.666957] scsi host0: ahci
[    0.667138] scsi host1: ahci
[    0.667310] scsi host2: ahci
[    0.667454] scsi host3: ahci
[    0.667484] ata1: SATA max UDMA/133 abar m2048@0xa324b000 port 0xa324b100 irq 123 lpm-pol 3
[    0.667487] ata2: SATA max UDMA/133 abar m2048@0xa324b000 port 0xa324b180 irq 123 lpm-pol 3
[    0.667489] ata3: SATA max UDMA/133 abar m2048@0xa324b000 port 0xa324b200 irq 123 lpm-pol 3
[    0.667490] ata4: SATA max UDMA/133 abar m2048@0xa324b000 port 0xa324b280 irq 123 lpm-pol 3
[    0.667589] xhci_hcd 0000:00:14.0: xHCI Host Controller
[    0.667594] xhci_hcd 0000:00:14.0: new USB bus registered, assigned bus number 1
[    0.668667] xhci_hcd 0000:00:14.0: hcc params 0x200077c1 hci version 0x100 quirks 0x0000000000109810
[    0.669057] xhci_hcd 0000:00:14.0: xHCI Host Controller
[    0.669060] xhci_hcd 0000:00:14.0: new USB bus registered, assigned bus number 2
[    0.669063] xhci_hcd 0000:00:14.0: Host supports USB 3.0 SuperSpeed
[    0.669098] usb usb1: New USB device found, idVendor=1d6b, idProduct=0002, bcdDevice= 6.14
[    0.669100] usb usb1: New USB device strings: Mfr=3, Product=2, SerialNumber=1
[    0.669101] usb usb1: Product: xHCI Host Controller
[    0.669103] usb usb1: Manufacturer: Linux 6.14.3-arch1-1 xhci-hcd
[    0.669104] usb usb1: SerialNumber: 0000:00:14.0
[    0.669250] hub 1-0:1.0: USB hub found
[    0.669263] hub 1-0:1.0: 10 ports detected
[    0.670516] usb usb2: New USB device found, idVendor=1d6b, idProduct=0003, bcdDevice= 6.14
[    0.670519] usb usb2: New USB device strings: Mfr=3, Product=2, SerialNumber=1
[    0.670521] usb usb2: Product: xHCI Host Controller
[    0.670522] usb usb2: Manufacturer: Linux 6.14.3-arch1-1 xhci-hcd
[    0.670523] usb usb2: SerialNumber: 0000:00:14.0
[    0.670619] hub 2-0:1.0: USB hub found
[    0.670628] hub 2-0:1.0: 4 ports detected
[    0.671204] usbcore: registered new interface driver usbserial_generic
[    0.671209] usbserial: USB Serial support registered for generic
[    0.671308] rtc_cmos rtc_cmos: RTC can wake from S4
[    0.671991] rtc_cmos rtc_cmos: registered as rtc0
[    0.672117] rtc_cmos rtc_cmos: setting system clock to 2025-04-27T08:43:28 UTC (1745743408)
[    0.672138] rtc_cmos rtc_cmos: alarms up to one month, y3k, 114 bytes nvram
[    0.672516] intel_pstate: Intel P-state driver initializing
[    0.673156] intel_pstate: HWP enabled
[    0.673346] efifb: probing for efifb
[    0.673352] efifb: framebuffer at 0x90000000, using 7200k, total 7200k
[    0.673353] efifb: mode is 1600x900x32, linelength=8192, pages=1
[    0.673354] efifb: scrolling: redraw
[    0.673355] efifb: Truecolor: size=8:8:8:8, shift=24:16:8:0
[    0.673383] fbcon: Deferring console take-over
[    0.673384] fb0: EFI VGA frame buffer device
[    0.673401] hid: raw HID events driver (C) Jiri Kosina
[    0.673435] drop_monitor: Initializing network drop monitor service
[    0.673501] NET: Registered PF_INET6 protocol family
[    0.676998] Segment Routing with IPv6
[    0.676999] RPL Segment Routing with IPv6
[    0.677018] In-situ OAM (IOAM) with IPv6
[    0.677033] NET: Registered PF_PACKET protocol family
[    0.677603] microcode: Current revision: 0x000000fc
[    0.677605] microcode: Updated early from: 0x000000f8
[    0.677834] IPI shorthand broadcast: enabled
[    0.679042] sched_clock: Marking stable (675001165, 3536882)->(683909905, -5371858)
[    0.679169] registered taskstats version 1
[    0.679622] Loading compiled-in X.509 certificates
[    0.683241] Loaded X.509 cert 'Build time autogenerated kernel key: 153b0a8ad8975753c99c6379dae770f697e830d1'
[    0.685500] zswap: loaded using pool zstd/zsmalloc
[    0.685561] Demotion targets for Node 0: null
[    0.685708] Key type .fscrypt registered
[    0.685709] Key type fscrypt-provisioning registered
[    0.686068] Btrfs loaded, zoned=yes, fsverity=yes
[    0.686215] integrity: Loading X.509 certificate: UEFI:db
[    0.686233] integrity: Loaded X.509 cert 'Microsoft Corporation UEFI CA 2011: 13adbf4309bd82709c8cd54f316ed522988a1bd4'
[    0.686234] integrity: Loading X.509 certificate: UEFI:db
[    0.686244] integrity: Loaded X.509 cert 'Microsoft Windows Production PCA 2011: a92902398e16c49778cd90f99e4f9ae17c55af53'
[    0.686245] integrity: Loading X.509 certificate: UEFI:db
[    0.686255] integrity: Loaded X.509 cert 'Microsoft Corporation: Windows UEFI CA 2023: aefc5fbbbe055d8f8daa585473499417ab5a5272'
[    0.686255] integrity: Loading X.509 certificate: UEFI:db
[    0.686263] integrity: Loaded X.509 cert 'Microsoft UEFI CA 2023: 81aa6b3244c935bce0d6628af39827421e32497d'
[    0.686264] integrity: Loading X.509 certificate: UEFI:db
[    0.686270] integrity: Loaded X.509 cert 'MSI SHIP DB: ebc30d5be5f35f8041c1c2d9e613eee2'
[    0.687152] PM:   Magic number: 5:548:726
[    0.687179] pci 0000:01:00.1: hash matches
[    0.689683] RAS: Correctable Errors collector initialized.
[    0.697014] clk: Disabling unused clocks
[    0.697016] PM: genpd: Disabling unused power domains
[    0.904627] usb 1-1: new high-speed USB device number 2 using xhci_hcd
[    0.974779] ata3: SATA link down (SStatus 4 SControl 300)
[    0.974811] ata4: SATA link down (SStatus 4 SControl 300)
[    0.974923] ata2: SATA link up 6.0 Gbps (SStatus 133 SControl 300)
[    0.974956] ata1: SATA link up 6.0 Gbps (SStatus 133 SControl 300)
[    0.975165] ata1.00: ATA-10: ADATA SU650, V4.7, max UDMA/133
[    0.975308] ata1.00: NCQ Send/Recv Log not supported
[    0.975316] ata1.00: 234441648 sectors, multi 0: LBA48 NCQ (depth 32), AA
[    0.975649] ata2.00: ATA-9: ST1000DM003-1CH162, HP34, max UDMA/100
[    0.975664] ata1.00: NCQ Send/Recv Log not supported
[    0.975677] ata1.00: configured for UDMA/133
[    0.975904] ata2.00: 1953525168 sectors, multi 16: LBA48 NCQ (depth 32), AA
[    0.975929] scsi 0:0:0:0: Direct-Access     ATA      ADATA SU650      V4.7 PQ: 0 ANSI: 5
[    0.976621] ata2.00: configured for UDMA/100
[    0.976650] sd 0:0:0:0: [sda] 234441648 512-byte logical blocks: (120 GB/112 GiB)
[    0.976687] sd 0:0:0:0: [sda] Write Protect is off
[    0.976693] sd 0:0:0:0: [sda] Mode Sense: 00 3a 00 00
[    0.976721] sd 0:0:0:0: [sda] Write cache: enabled, read cache: enabled, doesn't support DPO or FUA
[    0.976772] sd 0:0:0:0: [sda] Preferred minimum I/O size 512 bytes
[    0.976990] scsi 1:0:0:0: Direct-Access     ATA      ST1000DM003-1CH1 HP34 PQ: 0 ANSI: 5
[    0.977615] sd 1:0:0:0: [sdb] 1953525168 512-byte logical blocks: (1.00 TB/932 GiB)
[    0.977625] sd 1:0:0:0: [sdb] 4096-byte physical blocks
[    0.977645] sd 1:0:0:0: [sdb] Write Protect is off
[    0.977651] sd 1:0:0:0: [sdb] Mode Sense: 00 3a 00 00
[    0.977679] sd 1:0:0:0: [sdb] Write cache: enabled, read cache: enabled, doesn't support DPO or FUA
[    0.977730] sd 1:0:0:0: [sdb] Preferred minimum I/O size 4096 bytes
[    0.991941]  sda: sda1
[    0.992187] sd 0:0:0:0: [sda] Attached SCSI disk
[    1.013441]  sdb: sdb1
[    1.013678] sd 1:0:0:0: [sdb] Attached SCSI disk
[    1.017108] Freeing unused decrypted memory: 2028K
[    1.019153] Freeing unused kernel image (initmem) memory: 4528K
[    1.019209] Write protecting the kernel read-only data: 36864k
[    1.020915] Freeing unused kernel image (text/rodata gap) memory: 1280K
[    1.021139] Freeing unused kernel image (rodata/data gap) memory: 112K
[    1.028739] usb 1-1: New USB device found, idVendor=1b1c, idProduct=1bb3, bcdDevice= 1.02
[    1.028752] usb 1-1: New USB device strings: Mfr=1, Product=2, SerialNumber=3
[    1.028758] usb 1-1: Product: CORSAIR K70 RGB PRO Mechanical Gaming Keyboard
[    1.028763] usb 1-1: Manufacturer: Corsair
[    1.028767] usb 1-1: SerialNumber: F500190362A83443AB7580A00301A01E
[    1.057083] x86/mm: Checked W+X mappings: passed, no W+X pages found.
[    1.057088] rodata_test: all tests were successful
[    1.057096] Run /init as init process
[    1.057098]   with arguments:
[    1.057100]     /init
[    1.057102]   with environment:
[    1.057103]     HOME=/
[    1.057105]     TERM=linux
[    1.075560] systemd[1]: Successfully made /usr/ read-only.
[    1.075668] systemd[1]: systemd 257.5-2-arch running in system mode (+PAM +AUDIT -SELINUX -APPARMOR -IMA +IPE +SMACK +SECCOMP +GCRYPT +GNUTLS +OPENSSL +ACL +BLKID +CURL +ELFUTILS +FIDO2 +IDN2 -IDN +IPTC +KMOD +LIBCRYPTSETUP +LIBCRYPTSETUP_PLUGINS +LIBFDISK +PCRE2 +PWQUALITY +P11KIT +QRENCODE +TPM2 +BZIP2 +LZ4 +XZ +ZLIB +ZSTD +BPF_FRAMEWORK +BTF +XKBCOMMON +UTMP -SYSVINIT +LIBARCHIVE)
[    1.075672] systemd[1]: Detected architecture x86-64.
[    1.075673] systemd[1]: Running in initrd.
[    1.075803] systemd[1]: Initializing machine ID from random generator.
[    1.113086] systemd[1]: Queued start job for default target Initrd Default Target.
[    1.126966] systemd[1]: Expecting device /dev/disk/by-partuuid/e7e803d0-ea68-4e01-8eac-6d98a170192a...
[    1.127000] systemd[1]: Reached target Path Units.
[    1.127011] systemd[1]: Reached target Slice Units.
[    1.127019] systemd[1]: Reached target Swaps.
[    1.127026] systemd[1]: Reached target Timer Units.
[    1.127083] systemd[1]: Listening on Journal Socket (/dev/log).
[    1.127129] systemd[1]: Listening on Journal Sockets.
[    1.127168] systemd[1]: Listening on udev Control Socket.
[    1.127196] systemd[1]: Listening on udev Kernel Socket.
[    1.127205] systemd[1]: Reached target Socket Units.
[    1.127224] systemd[1]: Create List of Static Device Nodes was skipped because of an unmet condition check (ConditionFileNotEmpty=/lib/modules/6.14.3-arch1-1/modules.devname).
[    1.127263] systemd[1]: Check battery level during early boot was skipped because of an unmet condition check (ConditionDirectoryNotEmpty=/sys/class/power_supply).
[    1.127837] systemd[1]: Started Display Boot-Time Emergency Messages In Full Screen.
[    1.128876] systemd[1]: Starting Journal Service...
[    1.129361] systemd[1]: Starting Load Kernel Modules...
[    1.129379] systemd[1]: TPM PCR Barrier (initrd) was skipped because of an unmet condition check (ConditionSecurity=measured-uki).
[    1.129791] systemd[1]: Starting Create Static Device Nodes in /dev...
[    1.130205] systemd[1]: Starting Coldplug All udev Devices...
[    1.134285] systemd[1]: Finished Load Kernel Modules.
[    1.134695] systemd[1]: Finished Create Static Device Nodes in /dev.
[    1.134832] systemd[1]: Reached target Preparation for Local File Systems.
[    1.134842] systemd[1]: Reached target Local File Systems.
[    1.135396] systemd[1]: Starting Rule-based Manager for Device Events and Files...
[    1.139900] systemd-journald[169]: Collecting audit messages is disabled.
[    1.144546] usb 1-2: new high-speed USB device number 3 using xhci_hcd
[    1.148015] systemd[1]: Started Rule-based Manager for Device Events and Files.
[    1.210660] systemd[1]: Finished Coldplug All udev Devices.
[    1.234739] systemd[1]: Starting Virtual Console Setup...
[    1.235460] nvme 0000:02:00.0: platform quirk: setting simple suspend
[    1.235527] nvme nvme0: pci function 0000:02:00.0
[    1.249592] nvme nvme0: D3 entry latency set to 8 seconds
[    1.251547] systemd[1]: Finished Virtual Console Setup.
[    1.271933] usb 1-2: New USB device found, idVendor=0424, idProduct=2514, bcdDevice= b.b3
[    1.271949] usb 1-2: New USB device strings: Mfr=0, Product=0, SerialNumber=0
[    1.273372] hub 1-2:1.0: USB hub found
[    1.273452] hub 1-2:1.0: 4 ports detected
[    1.279719] nvme nvme0: allocated 64 MiB host memory buffer (16 segments).
[    1.330208] nvme nvme0: 12/0/0 default/read/poll queues
[    1.342495]  nvme0n1: p1 p2
[    1.387581] usb 1-5: new high-speed USB device number 4 using xhci_hcd
[    1.408728] systemd[1]: Found device Samsung SSD 980 1TB slash.
[    1.408800] systemd[1]: Reached target Initrd Root Device.
[    1.488623] tsc: Refined TSC clocksource calibration: 2903.999 MHz
[    1.488642] clocksource: tsc: mask: 0xffffffffffffffff max_cycles: 0x29dc050a48e, max_idle_ns: 440795325698 ns
[    1.488739] clocksource: Switched to clocksource tsc
[    1.512303] usb 1-5: New USB device found, idVendor=05e3, idProduct=0608, bcdDevice=60.70
[    1.512316] usb 1-5: New USB device strings: Mfr=0, Product=1, SerialNumber=0
[    1.512322] usb 1-5: Product: USB2.0 Hub
[    1.514040] hub 1-5:1.0: USB hub found
[    1.514376] hub 1-5:1.0: 4 ports detected
[    1.541822] usbcore: registered new interface driver usbhid
[    1.541831] usbhid: USB HID core driver
[    1.548006] systemd[1]: Started Journal Service.
[    1.553139] input: Corsair CORSAIR K70 RGB PRO Mechanical Gaming Keyboard as /devices/pci0000:00/0000:00:14.0/usb1/1-1/1-1:1.0/0003:1B1C:1BB3.0001/input/input3
[    1.633935] input: Corsair CORSAIR K70 RGB PRO Mechanical Gaming Keyboard Mouse as /devices/pci0000:00/0000:00:14.0/usb1/1-1/1-1:1.0/0003:1B1C:1BB3.0001/input/input4
[    1.634206] hid-generic 0003:1B1C:1BB3.0001: input,hidraw0: USB HID v1.00 Keyboard [Corsair CORSAIR K70 RGB PRO Mechanical Gaming Keyboard] on usb-0000:00:14.0-1/input0
[    1.637669] hid-generic 0003:1B1C:1BB3.0002: hiddev96,hidraw1: USB HID v1.00 Device [Corsair CORSAIR K70 RGB PRO Mechanical Gaming Keyboard] on usb-0000:00:14.0-1/input1
[    1.638130] hid-generic 0003:1B1C:1BB3.0003: hiddev97,hidraw2: USB HID v1.00 Device [Corsair CORSAIR K70 RGB PRO Mechanical Gaming Keyboard] on usb-0000:00:14.0-1/input2
[    1.791647] usb 1-5.4: new full-speed USB device number 5 using xhci_hcd
[    1.868437] usb 1-5.4: New USB device found, idVendor=046d, idProduct=c52b, bcdDevice=12.11
[    1.868451] usb 1-5.4: New USB device strings: Mfr=1, Product=2, SerialNumber=0
[    1.868457] usb 1-5.4: Product: USB Receiver
[    1.868462] usb 1-5.4: Manufacturer: Logitech
[    1.878655] input: Logitech USB Receiver as /devices/pci0000:00/0000:00:14.0/usb1/1-5/1-5.4/1-5.4:1.0/0003:046D:C52B.0004/input/input5
[    1.978031] hid-generic 0003:046D:C52B.0004: input,hidraw3: USB HID v1.11 Keyboard [Logitech USB Receiver] on usb-0000:00:14.0-5.4/input0
[    1.981227] input: Logitech USB Receiver Mouse as /devices/pci0000:00/0000:00:14.0/usb1/1-5/1-5.4/1-5.4:1.1/0003:046D:C52B.0005/input/input6
[    1.981480] input: Logitech USB Receiver Consumer Control as /devices/pci0000:00/0000:00:14.0/usb1/1-5/1-5.4/1-5.4:1.1/0003:046D:C52B.0005/input/input7
[    2.031910] input: Logitech USB Receiver System Control as /devices/pci0000:00/0000:00:14.0/usb1/1-5/1-5.4/1-5.4:1.1/0003:046D:C52B.0005/input/input8
[    2.032317] hid-generic 0003:046D:C52B.0005: input,hiddev98,hidraw4: USB HID v1.11 Mouse [Logitech USB Receiver] on usb-0000:00:14.0-5.4/input1
[    2.034981] hid-generic 0003:046D:C52B.0006: hiddev99,hidraw5: USB HID v1.11 Device [Logitech USB Receiver] on usb-0000:00:14.0-5.4/input2
[    2.188056] logitech-djreceiver 0003:046D:C52B.0006: hiddev98,hidraw3: USB HID v1.11 Device [Logitech USB Receiver] on usb-0000:00:14.0-5.4/input2
[    2.292104] input: Logitech Wireless Device PID:406f Keyboard as /devices/pci0000:00/0000:00:14.0/usb1/1-5/1-5.4/1-5.4:1.2/0003:046D:C52B.0006/0003:046D:406F.0007/input/input10
[    2.317642] input: Logitech Wireless Device PID:406f Mouse as /devices/pci0000:00/0000:00:14.0/usb1/1-5/1-5.4/1-5.4:1.2/0003:046D:C52B.0006/0003:046D:406F.0007/input/input11
[    2.317728] hid-generic 0003:046D:406F.0007: input,hidraw4: USB HID v1.11 Keyboard [Logitech Wireless Device PID:406f] on usb-0000:00:14.0-5.4/input2:1
[    2.544626] SGI XFS with ACLs, security attributes, realtime, scrub, repair, quota, no debug enabled
[    2.553480] XFS (nvme0n1p2): Mounting V5 Filesystem 1ffc96f0-0f31-4223-a358-4f4db618d28d
[    2.567262] XFS (nvme0n1p2): Ending clean mount
[    2.613860] input: Logitech MX Ergo as /devices/pci0000:00/0000:00:14.0/usb1/1-5/1-5.4/1-5.4:1.2/0003:046D:C52B.0006/0003:046D:406F.0007/input/input15
[    2.671888] logitech-hidpp-device 0003:046D:406F.0007: input,hidraw4: USB HID v1.11 Keyboard [Logitech MX Ergo] on usb-0000:00:14.0-5.4/input2:1
[    2.857388] systemd-journald[169]: Received SIGTERM from PID 1 (systemd).
[    2.963792] systemd[1]: systemd 257.5-2-arch running in system mode (+PAM +AUDIT -SELINUX -APPARMOR -IMA +IPE +SMACK +SECCOMP +GCRYPT +GNUTLS +OPENSSL +ACL +BLKID +CURL +ELFUTILS +FIDO2 +IDN2 -IDN +IPTC +KMOD +LIBCRYPTSETUP +LIBCRYPTSETUP_PLUGINS +LIBFDISK +PCRE2 +PWQUALITY +P11KIT +QRENCODE +TPM2 +BZIP2 +LZ4 +XZ +ZLIB +ZSTD +BPF_FRAMEWORK +BTF +XKBCOMMON +UTMP -SYSVINIT +LIBARCHIVE)
[    2.963800] systemd[1]: Detected architecture x86-64.
[    2.964727] systemd[1]: Hostname set to <think>.
[    3.051302] systemd[1]: bpf-restrict-fs: LSM BPF program attached
[    3.126407] zram_generator::config[277]: No configuration found.
[    3.258294] systemd[1]: initrd-switch-root.service: Deactivated successfully.
[    3.258384] systemd[1]: Stopped Switch Root.
[    3.258853] systemd[1]: systemd-journald.service: Scheduled restart job, restart counter is at 1.
[    3.259063] systemd[1]: Created slice Virtual Machine and Container Slice.
[    3.259288] systemd[1]: Created slice Slice /system/dirmngr.
[    3.259502] systemd[1]: Created slice Slice /system/getty.
[    3.259762] systemd[1]: Created slice Slice /system/gpg-agent.
[    3.259976] systemd[1]: Created slice Slice /system/gpg-agent-browser.
[    3.260189] systemd[1]: Created slice Slice /system/gpg-agent-extra.
[    3.260397] systemd[1]: Created slice Slice /system/gpg-agent-ssh.
[    3.260655] systemd[1]: Created slice Slice /system/keyboxd.
[    3.260867] systemd[1]: Created slice Slice /system/kmsconvt.
[    3.261081] systemd[1]: Created slice Slice /system/modprobe.
[    3.261296] systemd[1]: Created slice Slice /system/systemd-fsck.
[    3.261440] systemd[1]: Created slice User and Session Slice.
[    3.261478] systemd[1]: Started Dispatch Password Requests to Console Directory Watch.
[    3.261503] systemd[1]: Started Forward Password Requests to Wall Directory Watch.
[    3.261665] systemd[1]: Set up automount Arbitrary Executable File Formats File System Automount Point.
[    3.261679] systemd[1]: Expecting device /dev/disk/by-label/BOOT_EFI...
[    3.261682] systemd[1]: Expecting device /dev/disk/by-label/James...
[    3.261686] systemd[1]: Expecting device /dev/disk/by-uuid/92088f7f-3c00-465e-ac80-264d27c4dfbc...
[    3.261697] systemd[1]: Reached target Local Encrypted Volumes.
[    3.261711] systemd[1]: Stopped target Switch Root.
[    3.261720] systemd[1]: Stopped target Initrd File Systems.
[    3.261727] systemd[1]: Stopped target Initrd Root File System.
[    3.261734] systemd[1]: Reached target Local Integrity Protected Volumes.
[    3.261753] systemd[1]: Reached target Path Units.
[    3.261762] systemd[1]: Reached target Remote File Systems.
[    3.261770] systemd[1]: Reached target Slice Units.
[    3.261782] systemd[1]: Reached target Swaps.
[    3.261797] systemd[1]: Reached target Local Verity Protected Volumes.
[    3.261846] systemd[1]: Listening on Device-mapper event daemon FIFOs.
[    3.262650] systemd[1]: Listening on Process Core Dump Socket.
[    3.263143] systemd[1]: Listening on Credential Encryption/Decryption.
[    3.263174] systemd[1]: TPM PCR Measurements was skipped because of an unmet condition check (ConditionSecurity=measured-uki).
[    3.263187] systemd[1]: Make TPM PCR Policy was skipped because of an unmet condition check (ConditionSecurity=measured-uki).
[    3.263233] systemd[1]: Listening on udev Control Socket.
[    3.263268] systemd[1]: Listening on udev Kernel Socket.
[    3.263308] systemd[1]: Listening on User Database Manager Socket.
[    3.264064] systemd[1]: Mounting Huge Pages File System...
[    3.264472] systemd[1]: Mounting POSIX Message Queue File System...
[    3.264933] systemd[1]: Mounting Kernel Debug File System...
[    3.265324] systemd[1]: Mounting Kernel Trace File System...
[    3.265806] systemd[1]: Mounting Temporary Directory /tmp...
[    3.266388] systemd[1]: Starting Create List of Static Device Nodes...
[    3.280009] systemd[1]: Starting Load Kernel Module configfs...
[    3.280609] systemd[1]: Starting Load Kernel Module dm_mod...
[    3.281349] systemd[1]: Starting Load Kernel Module drm...
[    3.282111] systemd[1]: Starting Load Kernel Module fuse...
[    3.282843] systemd[1]: Starting Load Kernel Module loop...
[    3.282915] systemd[1]: File System Check on Root Device was skipped because of an unmet condition check (ConditionPathIsReadWrite=!/).
[    3.282953] systemd[1]: Clear Stale Hibernate Storage Info was skipped because of an unmet condition check (ConditionPathExists=/sys/firmware/efi/efivars/HibernateLocation-8cf2644b-4b0b-428f-9387-6d876050dc67).
[    3.284287] systemd[1]: Starting Journal Service...
[    3.285010] systemd[1]: Starting Load Kernel Modules...
[    3.285021] systemd[1]: TPM PCR Machine ID Measurement was skipped because of an unmet condition check (ConditionSecurity=measured-uki).
[    3.285482] systemd[1]: Starting Remount Root and Kernel File Systems...
[    3.285516] systemd[1]: Early TPM SRK Setup was skipped because of an unmet condition check (ConditionSecurity=measured-uki).
[    3.285972] systemd[1]: Starting Load udev Rules from Credentials...
[    3.286415] systemd[1]: Starting Coldplug All udev Devices...
[    3.287608] systemd[1]: Mounted Huge Pages File System.
[    3.287674] systemd[1]: Mounted POSIX Message Queue File System.
[    3.287728] systemd[1]: Mounted Kernel Debug File System.
[    3.287793] systemd[1]: Mounted Kernel Trace File System.
[    3.287844] systemd[1]: Mounted Temporary Directory /tmp.
[    3.288004] systemd[1]: Finished Create List of Static Device Nodes.
[    3.288150] systemd[1]: modprobe@configfs.service: Deactivated successfully.
[    3.288245] systemd[1]: Finished Load Kernel Module configfs.
[    3.288389] systemd[1]: modprobe@drm.service: Deactivated successfully.
[    3.288479] systemd[1]: Finished Load Kernel Module drm.
[    3.288624] systemd[1]: modprobe@fuse.service: Deactivated successfully.
[    3.288712] systemd[1]: Finished Load Kernel Module fuse.
[    3.289245] systemd[1]: Mounting FUSE Control File System...
[    3.289666] systemd[1]: Mounting Kernel Configuration File System...
[    3.290367] systemd[1]: Starting Create Static Device Nodes in /dev gracefully...
[    3.291422] loop: module loaded
[    3.291755] systemd[1]: modprobe@loop.service: Deactivated successfully.
[    3.291868] systemd[1]: Finished Load Kernel Module loop.
[    3.292985] systemd[1]: Finished Remount Root and Kernel File Systems.
[    3.293563] systemd[1]: Rebuild Hardware Database was skipped because of an unmet condition check (ConditionNeedsUpdate=/etc).
[    3.294190] device-mapper: uevent: version 1.0.3
[    3.294256] device-mapper: ioctl: 4.49.0-ioctl (2025-01-17) initialised: dm-devel@lists.linux.dev
[    3.294338] systemd[1]: Starting Load/Save OS Random Seed...
[    3.294356] systemd[1]: TPM SRK Setup was skipped because of an unmet condition check (ConditionSecurity=measured-uki).
[    3.294973] systemd[1]: modprobe@dm_mod.service: Deactivated successfully.
[    3.295118] systemd[1]: Finished Load Kernel Module dm_mod.
[    3.295401] systemd[1]: Finished Load udev Rules from Credentials.
[    3.295790] systemd[1]: Mounted FUSE Control File System.
[    3.295880] systemd[1]: Mounted Kernel Configuration File System.
[    3.295965] systemd[1]: Repartition Root Disk was skipped because no trigger condition checks were met.
[    3.297712] systemd-journald[298]: Collecting audit messages is disabled.
[    3.300716] sd 0:0:0:0: Attached scsi generic sg0 type 0
[    3.300747] sd 1:0:0:0: Attached scsi generic sg1 type 0
[    3.301564] systemd[1]: Started Journal Service.
[    3.311406] systemd-journald[298]: Received client request to flush runtime journal.
[    3.387582] nvidia: loading out-of-tree module taints kernel.
[    3.387590] nvidia: module verification failed: signature and/or required key missing - tainting kernel
[    3.468441] nvidia-nvlink: Nvlink Core is being initialized, major device number 238

[    3.470217] nvidia 0000:01:00.0: vgaarb: VGA decodes changed: olddecodes=io+mem,decodes=none:owns=io+mem
[    3.483855] resource: resource sanity check: requesting [mem 0x00000000fdffe800-0x00000000fe0007ff], which spans more than PCI Bus 0000:00 [mem 0xfc800000-0xfdffffff window]
[    3.483865] caller get_primary_reg_base+0x4d/0xb0 [intel_pmc_core] mapping multiple BARs
[    3.483885] intel_pmc_core INT33A1:00:  initialized
[    3.487896] mousedev: PS/2 mouse device common for all mice
[    3.500793] pps_core: LinuxPPS API ver. 1 registered
[    3.500797] pps_core: Software ver. 5.3.6 - Copyright 2005-2007 Rodolfo Giometti <giometti@linux.it>
[    3.501964] input: PC Speaker as /devices/platform/pcspkr/input/input16
[    3.506599] mei_me 0000:00:16.0: enabling device (0000 -> 0002)
[    3.507596] PTP clock support registered
[    3.515332] NVRM: loading NVIDIA UNIX Open Kernel Module for x86_64  570.133.07  Release Build  (archlinux-builder@think)  
[    3.518271] i801_smbus 0000:00:1f.4: SMBus using PCI interrupt
[    3.521757] i2c i2c-0: Successfully instantiated SPD at 0x50
[    3.523467] i2c i2c-0: Successfully instantiated SPD at 0x52
[    3.539523] e1000e: Intel(R) PRO/1000 Network Driver
[    3.539527] e1000e: Copyright(c) 1999 - 2015 Intel Corporation.
[    3.540248] e1000e 0000:00:1f.6: enabling device (0000 -> 0002)
[    3.540411] e1000e 0000:00:1f.6: Interrupt Throttling Rate (ints/sec) set to dynamic conservative mode
[    3.550340] iTCO_vendor_support: vendor-support=0
[    3.551586] RAPL PMU: API unit is 2^-32 Joules, 3 fixed counters, 655360 ms ovfl timer
[    3.551588] RAPL PMU: hw unit of domain pp0-core 2^-14 Joules
[    3.551589] RAPL PMU: hw unit of domain package 2^-14 Joules
[    3.551590] RAPL PMU: hw unit of domain dram 2^-14 Joules
[    3.554715] cryptd: max_cpu_qlen set to 1000
[    3.555227] ee1004 0-0050: 512 byte EE1004-compliant SPD EEPROM, read-only
[    3.556578] ee1004 0-0052: 512 byte EE1004-compliant SPD EEPROM, read-only
[    3.557342] iTCO_wdt iTCO_wdt: Found a Intel PCH TCO device (Version=4, TCOBASE=0x0400)
[    3.557435] iTCO_wdt iTCO_wdt: initialized. heartbeat=30 sec (nowayout=0)
[    3.692179] AES CTR mode by8 optimization enabled
[    3.711329] snd_hda_intel 0000:00:1f.3: enabling device (0400 -> 0402)
[    3.711492] snd_hda_intel 0000:01:00.1: enabling device (0000 -> 0002)
[    3.711643] snd_hda_intel 0000:01:00.1: Disabling MSI
[    3.711646] snd_hda_intel 0000:01:00.1: Handle vga_switcheroo audio client
[    3.727631] e1000e 0000:00:1f.6 0000:00:1f.6 (uninitialized): registered PHC clock
[    3.736734] input: HDA NVidia HDMI/DP,pcm=3 as /devices/pci0000:00/0000:00:01.0/0000:01:00.1/sound/card1/input17
[    3.736885] input: HDA NVidia HDMI/DP,pcm=7 as /devices/pci0000:00/0000:00:01.0/0000:01:00.1/sound/card1/input18
[    3.736997] input: HDA NVidia HDMI/DP,pcm=8 as /devices/pci0000:00/0000:00:01.0/0000:01:00.1/sound/card1/input19
[    3.737277] input: HDA NVidia HDMI/DP,pcm=9 as /devices/pci0000:00/0000:00:01.0/0000:01:00.1/sound/card1/input20
[    3.739495] nvidia-modeset: Loading NVIDIA UNIX Open Kernel Mode Setting Driver for x86_64  570.133.07  Release Build  (archlinux-builder@think)  
[    3.772158] snd_hda_codec_realtek hdaudioC0D0: autoconfig for ALC892: line_outs=1 (0x14/0x0/0x0/0x0/0x0) type:line
[    3.772162] snd_hda_codec_realtek hdaudioC0D0:    speaker_outs=0 (0x0/0x0/0x0/0x0/0x0)
[    3.772164] snd_hda_codec_realtek hdaudioC0D0:    hp_outs=1 (0x1b/0x0/0x0/0x0/0x0)
[    3.772165] snd_hda_codec_realtek hdaudioC0D0:    mono: mono_out=0x0
[    3.772166] snd_hda_codec_realtek hdaudioC0D0:    inputs:
[    3.772167] snd_hda_codec_realtek hdaudioC0D0:      Rear Mic=0x18
[    3.772168] snd_hda_codec_realtek hdaudioC0D0:      Front Mic=0x19
[    3.772169] snd_hda_codec_realtek hdaudioC0D0:      Line=0x1a
[    3.773886] [drm] [nvidia-drm] [GPU ID 0x00000100] Loading driver
[    3.786498] input: HDA Intel PCH Rear Mic as /devices/pci0000:00/0000:00:1f.3/sound/card0/input21
[    3.786549] input: HDA Intel PCH Front Mic as /devices/pci0000:00/0000:00:1f.3/sound/card0/input22
[    3.786583] input: HDA Intel PCH Line as /devices/pci0000:00/0000:00:1f.3/sound/card0/input23
[    3.786617] input: HDA Intel PCH Line Out as /devices/pci0000:00/0000:00:1f.3/sound/card0/input24
[    3.786645] input: HDA Intel PCH Front Headphone as /devices/pci0000:00/0000:00:1f.3/sound/card0/input25
[    3.791785] e1000e 0000:00:1f.6 eth0: (PCI Express:2.5GT/s:Width x1) d8:bb:c1:16:61:c9
[    3.791791] e1000e 0000:00:1f.6 eth0: Intel(R) PRO/1000 Network Connection
[    3.791868] e1000e 0000:00:1f.6 eth0: MAC: 12, PHY: 12, PBA No: FFFFFF-0FF
[    3.793977] e1000e 0000:00:1f.6 eno1: renamed from eth0
[    3.951251] intel_tcc_cooling: Programmable TCC Offset detected
[    4.002976] intel_rapl_common: Found RAPL domain package
[    4.002978] intel_rapl_common: Found RAPL domain core
[    4.002979] intel_rapl_common: Found RAPL domain dram
[    5.286173] resource: resource sanity check: requesting [mem 0x00000000000c8000-0x00000000000effff], which spans more than PCI Bus 0000:00 [mem 0x000e0000-0x000fffff window]
[    5.286177] caller RmInitX86EmuState+0x108/0x254 [nvidia] mapping multiple BARs
[    5.336874] XFS (sda1): Mounting V5 Filesystem fa3edc2b-aab1-4772-bf02-cfb1ff357ecf
[    5.354800] FAT-fs (nvme0n1p1): Volume was not properly unmounted. Some data may be corrupt. Please run fsck.
[    5.369054] XFS (sda1): Ending clean mount
[    5.396903] EXT4-fs (sdb1): mounted filesystem 92088f7f-3c00-465e-ac80-264d27c4dfbc r/w with ordered data mode. Quota mode: none.
[    5.585649] [drm] Initialized nvidia-drm 0.0.0 for 0000:01:00.0 on minor 0
[    5.585746] nvidia 0000:01:00.0: vgaarb: deactivate vga console
[    5.715270] fbcon: nvidia-drmdrmfb (fb0) is primary device
[    5.715272] fbcon: Deferring console take-over
[    5.715275] nvidia 0000:01:00.0: [drm] fb0: nvidia-drmdrmfb frame buffer device
[    6.187796] input: ckb1: CORSAIR K70 RGB PRO Mechanical Gaming Keyboard vKB as /devices/virtual/input/input26
[    6.213985] input: ckb1: CORSAIR K70 RGB PRO Mechanical Gaming Keyboard vM as /devices/virtual/input/input27
[    6.382661] bridge: filtering via arp/ip/ip6tables is no longer available by default. Update your scripts to load br_netfilter if you need this.
[    6.503920] u32 classifier
[    6.503922]     Performance counters on
[    6.503923]     input device check on
[    6.503923]     Actions configured
[    8.756713] e1000e 0000:00:1f.6 eno1: NIC Link is Up 100 Mbps Full Duplex, Flow Control: Rx/Tx
[   14.482629] platform INT3515:01: deferred probe pending: Serial bus multi instantiate pseudo device driver: Error creating i2c-client, idx 0
[  124.911747] nvme nvme0: using unchecked data buffer
[  132.049828] logitech-hidpp-device 0003:046D:406F.0007: HID++ 4.5 device connected.
[15638.842047] perf: interrupt took too long (2502 > 2500), lowering kernel.perf_event_max_sample_rate to 79000
[19886.478220] rfkill: input handler disabled
[19890.416749] rfkill: input handler enabled
